stage 2: 51 configs x 21 states x 2 halves = 2142 pipeline runs, 2 workers
  [1/42] sex=female half1  66s
  [2/42] sex=female half0  67s
  [3/42] sex=male half1  131s
  [4/42] sex=male half0  132s
  [5/42] apoe_genotype=23 half0  198s
  [6/42] apoe_genotype=23 half1  201s
  [7/42] apoe_genotype=33 half0  265s
  [8/42] apoe_genotype=33 half1  269s
  [9/42] apoe_genotype=34 half0  332s
  [10/42] apoe_genotype=34 half1  334s
  [11/42] cts_mmse30_lv=24-30 half0  401s
  [12/42] cts_mmse30_lv=24-30 half1  401s
  [13/42] braaksc=3 half0  467s
  [14/42] braaksc=3 half1  467s
  [15/42] braaksc=4 half1  532s
  [16/42] braaksc=4 half0  534s
  [17/42] braaksc=5 half0  600s
  [18/42] braaksc=5 half1  601s
  [19/42] braaksc=6 half0  664s
  [20/42] braaksc=6 half1  667s
  [21/42] ceradsc=2 half0  731s
  [22/42] ceradsc=2 half1  735s
  [23/42] ceradsc=3 half0  799s
  [24/42] ceradsc=3 half1  804s
  [25/42] amyThal=5 half0  864s
  [26/42] amyThal=5 half1  869s
  [27/42] amyA=3 half0  930s
  [28/42] amyA=3 half1  934s
  [29/42] amyCerad=0 half0  996s
  [30/42] amyCerad=0 half1  998s
  [31/42] amyCerad=3 half0  1061s
  [32/42] amyCerad=3 half1  1066s
  [33/42] amyAny=0 half0  1125s
  [34/42] amyAny=0 half1  1134s
  [35/42] amyAny=1 half0  1191s
  [36/42] amyAny=1 half1  1198s
  [37/42] reag=1 half0  1258s
  [38/42] reag=1 half1  1265s
  [39/42] reag=2 half0  1324s
  [40/42] reag=2 half1  1332s
  [41/42] reag=3 half0  1392s
  [42/42] reag=3 half1  1401s
                                                                                                    config  eligible  score  rep_edges  rep_pos  rep_top  density  sink_entropy  kendall  C_z_+5  C_z_-1  C_orient
    LAMBDA_MODE=abs|LAMBDA=0.12|LAMBDA_Q=0.85|TAU_A_RATIO=0.5|T_SOFTMAX=0.05|SHRINK_SCALE=1.0|CONTEXT=none      True  0.386      0.125    0.647    0.141    0.258         0.542    0.535   6.683  -1.723     0.497
     LAMBDA_MODE=abs|LAMBDA=0.15|LAMBDA_Q=0.85|TAU_A_RATIO=0.5|T_SOFTMAX=0.1|SHRINK_SCALE=1.0|CONTEXT=none      True  0.381      0.118    0.644    0.141    0.224         0.855    0.327   6.337  -1.787     0.490
    LAMBDA_MODE=abs|LAMBDA=0.12|LAMBDA_Q=0.85|TAU_A_RATIO=0.5|T_SOFTMAX=0.05|SHRINK_SCALE=1.5|CONTEXT=none      True  0.371      0.139    0.604    0.166    0.226         0.626    0.546   7.362  -1.763     0.481
LAMBDA_MODE=quantile|LAMBDA=0.12|LAMBDA_Q=0.75|TAU_A_RATIO=0.5|T_SOFTMAX=0.05|SHRINK_SCALE=1.0|CONTEXT=all      True  0.366      0.125    0.608    0.137    0.380         0.691    0.178   5.230  -1.061     0.450
LAMBDA_MODE=quantile|LAMBDA=0.15|LAMBDA_Q=0.75|TAU_A_RATIO=0.5|T_SOFTMAX=0.05|SHRINK_SCALE=1.0|CONTEXT=all      True  0.366      0.125    0.608    0.137    0.380         0.691    0.178   5.230  -1.061     0.450
  LAMBDA_MODE=quantile|LAMBDA=0.15|LAMBDA_Q=0.9|TAU_A_RATIO=0.5|T_SOFTMAX=0.1|SHRINK_SCALE=1.0|CONTEXT=all      True  0.366      0.115    0.617    0.137    0.287         0.820    0.256   6.189  -1.371     0.465
    LAMBDA_MODE=abs|LAMBDA=0.15|LAMBDA_Q=0.85|TAU_A_RATIO=0.5|T_SOFTMAX=0.05|SHRINK_SCALE=1.0|CONTEXT=none      True  0.364      0.114    0.613    0.145    0.225         0.639    0.556   6.612  -1.646     0.508
 LAMBDA_MODE=quantile|LAMBDA=0.12|LAMBDA_Q=0.8|TAU_A_RATIO=0.5|T_SOFTMAX=0.05|SHRINK_SCALE=1.0|CONTEXT=all      True  0.363      0.130    0.597    0.133    0.350         0.573    0.271   5.379  -1.172     0.465
 LAMBDA_MODE=quantile|LAMBDA=0.15|LAMBDA_Q=0.8|TAU_A_RATIO=0.5|T_SOFTMAX=0.05|SHRINK_SCALE=1.0|CONTEXT=all      True  0.363      0.130    0.597    0.133    0.350         0.573    0.271   5.379  -1.172     0.465
      LAMBDA_MODE=abs|LAMBDA=0.15|LAMBDA_Q=0.85|TAU_A_RATIO=0.5|T_SOFTMAX=0.1|SHRINK_SCALE=1.0|CONTEXT=all      True  0.362      0.117    0.608    0.129    0.230         0.849    0.322   6.139  -1.470     0.483
    LAMBDA_MODE=abs|LAMBDA=0.15|LAMBDA_Q=0.85|TAU_A_RATIO=0.5|T_SOFTMAX=0.05|SHRINK_SCALE=1.5|CONTEXT=none      True  0.361      0.123    0.600    0.158    0.200         0.718    0.551   7.309  -1.635     0.502
LAMBDA_MODE=quantile|LAMBDA=0.12|LAMBDA_Q=0.95|TAU_A_RATIO=0.5|T_SOFTMAX=0.05|SHRINK_SCALE=1.0|CONTEXT=all      True  0.361      0.118    0.603    0.133    0.252         0.548    0.546   6.426  -1.685     0.488
LAMBDA_MODE=quantile|LAMBDA=0.15|LAMBDA_Q=0.95|TAU_A_RATIO=0.5|T_SOFTMAX=0.05|SHRINK_SCALE=1.0|CONTEXT=all      True  0.361      0.118    0.603    0.133    0.252         0.548    0.546   6.426  -1.685     0.488
     LAMBDA_MODE=abs|LAMBDA=0.15|LAMBDA_Q=0.85|TAU_A_RATIO=0.5|T_SOFTMAX=0.1|SHRINK_SCALE=1.5|CONTEXT=none      True  0.359      0.123    0.595    0.162    0.199         0.893    0.318   7.316  -1.742     0.487
  LAMBDA_MODE=abs|LAMBDA=0.12|LAMBDA_Q=0.85|TAU_A_RATIO=0.5|T_SOFTMAX=0.05|SHRINK_SCALE=1.0|CONTEXT=no_pmi      True  0.358      0.118    0.598    0.133    0.265         0.525    0.521   6.337  -1.617     0.481
done in 1402s
