======================================================================
CHRONOS — ROSMAP
======================================================================
Proteins: 80/80 of the confidence-graph nodes found
Samples: 400  |  matched to a person: 400
People (one row each, replicates averaged): 400
  Rest-of-proteome: 5683 well-measured proteins -> 10 PCs + 5 cell-type scores
    celltype_neuron: mean of SNAP25, SYT1, STMN2, GAP43, SYN1, RBFOX3, NEFL, CAMK2A
    celltype_astrocyte: mean of GFAP, ALDH1L1, AQP4, SLC1A2, SLC1A3, GJA1
    celltype_microglia: mean of AIF1, ITGAM, P2RY12, HLA-DRA
    celltype_oligodendrocyte: mean of MBP, MOG, PLP1, MAG, CNP, MOBP
    celltype_endothelial: mean of CLDN5, VWF, PECAM1, FLT1, ESAM
    proteomePC1: 9.9% of rest-of-proteome variance; tracks neuron (rho=+0.59)
    proteomePC2: 6.1% of rest-of-proteome variance; tracks neuron (rho=+0.27)
    proteomePC3: 4.9% of rest-of-proteome variance; tracks oligodendrocyte (rho=-0.47)
    proteomePC4: 4.6% of rest-of-proteome variance; tracks oligodendrocyte (rho=-0.48)
    proteomePC5: 3.2% of rest-of-proteome variance; tracks astrocyte (rho=-0.47)
    proteomePC6: 2.9% of rest-of-proteome variance; tracks oligodendrocyte (rho=-0.13)
    proteomePC7: 2.4% of rest-of-proteome variance; tracks microglia (rho=-0.23)
    proteomePC8: 2.3% of rest-of-proteome variance; tracks oligodendrocyte (rho=+0.29)
    proteomePC9: 2.1% of rest-of-proteome variance; tracks astrocyte (rho=+0.27)
    proteomePC10: 1.7% of rest-of-proteome variance; tracks astrocyte (rho=+0.32)
Trajectory-variable candidates (everything except the 80 proteins): 29
  Study, msex, educ, apoe_genotype, age_at_visit_max, age_first_ad_dx, age_death, cts_mmse30_first_ad_dx, cts_mmse30_lv, pmi, braaksc, ceradsc, cogdx, dcfdx_lv, celltype_neuron, celltype_astrocyte, celltype_microglia, celltype_oligodendrocyte, celltype_endothelial, proteomePC1, proteomePC2, proteomePC3, proteomePC4, proteomePC5, proteomePC6, proteomePC7, proteomePC8, proteomePC9, proteomePC10
Median people per protein pair: 400  (people with ALL 80 proteins: 40)

[1-2] SIGNAL + TRAJECTORY VARIABLES
  Signal with no adjustment: AUROC = 0.5926
  + proteomePC6                  AUROC -> 0.5989   (z vs shuffled = 13.1)   [2.9% of rest-of-proteome variance; tracks oligodendrocyte (rho=-0.13)]
  + proteomePC2                  AUROC -> 0.6041   (z vs shuffled = 7.0)   [6.1% of rest-of-proteome variance; tracks neuron (rho=+0.27)]
  + celltype_neuron              AUROC -> 0.6122   (z vs shuffled = 23.8)   [mean of SNAP25, SYT1, STMN2, GAP43, SYN1, RBFOX3, NEFL, CAMK2A]
  + celltype_oligodendrocyte     AUROC -> 0.6185   (z vs shuffled = 10.3)   [mean of MBP, MOG, PLP1, MAG, CNP, MOBP]
  + proteomePC8                  AUROC -> 0.6232   (z vs shuffled = 6.2)   [2.3% of rest-of-proteome variance; tracks oligodendrocyte (rho=+0.29)]

[3] REGIONS (who shows the confidence graph most strongly, AFTER adjusting for Z*)
  Testing 77 single-variable regions ...
  Whole cohort AUROC after adjustment 0.6232
         AUROC 0.6325  (random same-size 0.6041)  z= 2.59  n=124  celltype_neuron > 0.0321 (upper half)  AND  celltype_endothelial <= -0.043 (lower half)
         AUROC 0.6244  (random same-size 0.5909)  z= 2.58  n=69   celltype_neuron > 0.0321 (upper half)  AND  pmi 5.67-7.61 (middle third)
         AUROC 0.6309  (random same-size 0.6023)  z= 2.57  n=111  celltype_neuron > 0.0321 (upper half)  AND  cts_mmse30_lv <= 26 (lower half)
         AUROC 0.6234  (random same-size 0.5843)  z= 2.50  n=49   celltype_astrocyte > 0.235 (high third)  AND  ceradsc = 2
         AUROC 0.6299  (random same-size 0.5955)  z= 2.50  n=85   cts_mmse30_lv <= 26 (lower half)  AND  educ <= 14 (low third)
         AUROC 0.6260  (random same-size 0.5990)  z= 2.48  n=99   celltype_neuron > 0.0321 (upper half)  AND  pmi > 6.5 (upper half)
         AUROC 0.6177  (random same-size 0.5794)  z= 2.47  n=40   apoe_genotype = 23  AND  educ <= 16 (lower half)
         AUROC 0.6291  (random same-size 0.5955)  z= 2.44  n=76   celltype_astrocyte > 0.235 (high third)  AND  educ <= 16 (lower half)
  Weakest regions (C least visible):
         AUROC 0.5762  (random same-size 0.6023)  z=-2.34  n=113  ceradsc = 1
         AUROC 0.5963  (random same-size 0.6127)  z=-2.06  n=200  celltype_neuron <= 0.0321 (lower half)
         AUROC 0.5865  (random same-size 0.6066)  z=-1.97  n=133  celltype_astrocyte -0.186-0.235 (middle third)

[4] FINAL GRAPH (whole cohort, adjusted for selected variables)
  Prior edges: 1308 | testable (n>=20): 1308 | non-zero W: 654 | data-supported (FDR<0.05): 251

Done.
